// Jest Snapshot v1, https://goo.gl/fbAQLP

exports[`Slot renders slot 1`] = `
<button
  className="sc-htpNat elABiC"
  data-testid="Slot1"
  onClick={[Function]}
  type="button"
/>
`;
