// Jest Snapshot v1, https://goo.gl/fbAQLP

exports[`Slot renders slot 1`] = `
<div
  className="board-slot "
/>
`;
